Starting simple bounding box test (no PyFOAM)...
Results will be saved to: C:\Users\motokinakajima\programs\Hayabusa-Spark\hayabusa-engine-lite\bb_test_results

--- Bounding Box Test ---
Bounding box limits:
  X: -0.050000 to 0.050000
  Y: -0.085600 to -0.125600
  Z: 0.005000 to 0.020000

Default wing centers:
  Y center: -0.107500
  Z center: 0.018000

Offsets to center in bounding box:
  Y offset: 0.001900
  Z offset: -0.005500

NOTE: Y bounds in config appear to be inverted.
Using corrected values: y_min=-0.125600, y_max=-0.085600

Running tests...

Testing: default

[DEBUG] Layer point counts before surface creation:
Layer 0 (e387.dat): 100 points
Layer 1 (naca0012.dat): 100 points
Layer 2 (naca0012.dat): 100 points
Layer 3 (naca0012.dat): 100 points
Layer 4 (e387.dat): 100 points
Closed mesh STL file exported successfully as 'C:\Users\motokinakajima\programs\Hayabusa-Spark\hayabusa-engine-lite\bb_test_results\wing_default.stl'
BOUNDING BOX VIOLATIONS:
  - Y min violation: -0.107487 < -0.085600
  - Y max violation: -0.087500 > -0.125600
  - Z max violation: 0.020174 > 0.020000
  Penalty: 1
  Min bounds: [-0.032499998807907104, -0.10748665034770966, 0.01650088280439377]
  Max bounds: [0.032499998807907104, -0.08749999850988388, 0.020173631608486176]
  STL saved: C:\Users\motokinakajima\programs\Hayabusa-Spark\hayabusa-engine-lite\bb_test_results\wing_default.stl

Testing: centered_y

[DEBUG] Layer point counts before surface creation:
Layer 0 (e387.dat): 100 points
Layer 1 (naca0012.dat): 100 points
Layer 2 (naca0012.dat): 100 points
Layer 3 (naca0012.dat): 100 points
Layer 4 (e387.dat): 100 points
Closed mesh STL file exported successfully as 'C:\Users\motokinakajima\programs\Hayabusa-Spark\hayabusa-engine-lite\bb_test_results\wing_centered_y.stl'
BOUNDING BOX VIOLATIONS:
  - Y min violation: -0.107264 < -0.085600
  - Y max violation: -0.085600 > -0.125600
  - Z max violation: 0.020174 > 0.020000
  Penalty: 1
  Min bounds: [-0.032499998807907104, -0.1072644293308258, 0.01650088280439377]
  Max bounds: [0.032499998807907104, -0.08560000360012054, 0.020173631608486176]
  STL saved: C:\Users\motokinakajima\programs\Hayabusa-Spark\hayabusa-engine-lite\bb_test_results\wing_centered_y.stl

Testing: centered_z

[DEBUG] Layer point counts before surface creation:
Layer 0 (e387.dat): 100 points
Layer 1 (naca0012.dat): 100 points
Layer 2 (naca0012.dat): 100 points
Layer 3 (naca0012.dat): 100 points
Layer 4 (e387.dat): 100 points
Closed mesh STL file exported successfully as 'C:\Users\motokinakajima\programs\Hayabusa-Spark\hayabusa-engine-lite\bb_test_results\wing_centered_z.stl'
BOUNDING BOX VIOLATIONS:
  - Y min violation: -0.107487 < -0.085600
  - Y max violation: -0.087500 > -0.125600
  Penalty: 1
  Min bounds: [-0.032499998807907104, -0.10748665034770966, 0.01104418933391571]
  Max bounds: [0.032499998807907104, -0.08749999850988388, 0.019312676042318344]
  STL saved: C:\Users\motokinakajima\programs\Hayabusa-Spark\hayabusa-engine-lite\bb_test_results\wing_centered_z.stl

Testing: centered_yz

[DEBUG] Layer point counts before surface creation:
Layer 0 (e387.dat): 100 points
Layer 1 (naca0012.dat): 100 points
Layer 2 (naca0012.dat): 100 points
Layer 3 (naca0012.dat): 100 points
Layer 4 (e387.dat): 100 points
Closed mesh STL file exported successfully as 'C:\Users\motokinakajima\programs\Hayabusa-Spark\hayabusa-engine-lite\bb_test_results\wing_centered_yz.stl'
BOUNDING BOX VIOLATIONS:
  - Y min violation: -0.107264 < -0.085600
  - Y max violation: -0.085600 > -0.125600
  Penalty: 1
  Min bounds: [-0.032499998807907104, -0.1072644293308258, 0.01104418933391571]
  Max bounds: [0.032499998807907104, -0.08560000360012054, 0.019312676042318344]
  STL saved: C:\Users\motokinakajima\programs\Hayabusa-Spark\hayabusa-engine-lite\bb_test_results\wing_centered_yz.stl

Testing: actual_y_min_edge

[DEBUG] Layer point counts before surface creation:
Layer 0 (e387.dat): 100 points
Layer 1 (naca0012.dat): 100 points
Layer 2 (naca0012.dat): 100 points
Layer 3 (naca0012.dat): 100 points
Layer 4 (e387.dat): 100 points
Closed mesh STL file exported successfully as 'C:\Users\motokinakajima\programs\Hayabusa-Spark\hayabusa-engine-lite\bb_test_results\wing_actual_y_min_edge.stl'
BOUNDING BOX VIOLATIONS:
  - Y min violation: -0.124587 < -0.085600
  - Y max violation: -0.088080 > -0.125600
  - Z max violation: 0.020174 > 0.020000
  Penalty: 1
  Min bounds: [-0.032499998807907104, -0.12458664923906326, 0.01650088280439377]
  Max bounds: [0.032499998807907104, -0.08807966113090515, 0.020173631608486176]
  STL saved: C:\Users\motokinakajima\programs\Hayabusa-Spark\hayabusa-engine-lite\bb_test_results\wing_actual_y_min_edge.stl

Testing: actual_y_max_edge

[DEBUG] Layer point counts before surface creation:
Layer 0 (e387.dat): 100 points
Layer 1 (naca0012.dat): 100 points
Layer 2 (naca0012.dat): 100 points
Layer 3 (naca0012.dat): 100 points
Layer 4 (e387.dat): 100 points
Closed mesh STL file exported successfully as 'C:\Users\motokinakajima\programs\Hayabusa-Spark\hayabusa-engine-lite\bb_test_results\wing_actual_y_max_edge.stl'
BOUNDING BOX VIOLATIONS:
  - Y min violation: -0.106620 < -0.085600
  - Y max violation: -0.066600 > -0.125600
  - Z max violation: 0.020174 > 0.020000
  Penalty: 1
  Min bounds: [-0.032499998807907104, -0.10662036389112473, 0.01650088280439377]
  Max bounds: [0.032499998807907104, -0.066600002348423, 0.020173631608486176]
  STL saved: C:\Users\motokinakajima\programs\Hayabusa-Spark\hayabusa-engine-lite\bb_test_results\wing_actual_y_max_edge.stl

Testing: actual_z_min_edge

[DEBUG] Layer point counts before surface creation:
Layer 0 (e387.dat): 100 points
Layer 1 (naca0012.dat): 100 points
Layer 2 (naca0012.dat): 100 points
Layer 3 (naca0012.dat): 100 points
Layer 4 (e387.dat): 100 points
Closed mesh STL file exported successfully as 'C:\Users\motokinakajima\programs\Hayabusa-Spark\hayabusa-engine-lite\bb_test_results\wing_actual_z_min_edge.stl'
BOUNDING BOX VIOLATIONS:
  - Y min violation: -0.107487 < -0.085600
  - Y max violation: -0.087500 > -0.125600
  - Z min violation: 0.004544 < 0.005000
  Penalty: 1
  Min bounds: [-0.032499998807907104, -0.10748665034770966, 0.00454418919980526]
  Max bounds: [0.032499998807907104, -0.08749999850988388, 0.019092336297035217]
  STL saved: C:\Users\motokinakajima\programs\Hayabusa-Spark\hayabusa-engine-lite\bb_test_results\wing_actual_z_min_edge.stl

Testing: actual_z_max_edge

[DEBUG] Layer point counts before surface creation:
Layer 0 (e387.dat): 100 points
Layer 1 (naca0012.dat): 100 points
Layer 2 (naca0012.dat): 100 points
Layer 3 (naca0012.dat): 100 points
Layer 4 (e387.dat): 100 points
Closed mesh STL file exported successfully as 'C:\Users\motokinakajima\programs\Hayabusa-Spark\hayabusa-engine-lite\bb_test_results\wing_actual_z_max_edge.stl'
BOUNDING BOX VIOLATIONS:
  - Y min violation: -0.107487 < -0.085600
  - Y max violation: -0.087500 > -0.125600
  - Z max violation: 0.021174 > 0.020000
  Penalty: 1
  Min bounds: [-0.032499998807907104, -0.10748665034770966, 0.016534781083464622]
  Max bounds: [0.032499998807907104, -0.08749999850988388, 0.02117363177239895]
  STL saved: C:\Users\motokinakajima\programs\Hayabusa-Spark\hayabusa-engine-lite\bb_test_results\wing_actual_z_max_edge.stl

Testing: actual_y_min_violation

[DEBUG] Layer point counts before surface creation:
Layer 0 (e387.dat): 100 points
Layer 1 (naca0012.dat): 100 points
Layer 2 (naca0012.dat): 100 points
Layer 3 (naca0012.dat): 100 points
Layer 4 (e387.dat): 100 points
Closed mesh STL file exported successfully as 'C:\Users\motokinakajima\programs\Hayabusa-Spark\hayabusa-engine-lite\bb_test_results\wing_actual_y_min_violation.stl'
BOUNDING BOX VIOLATIONS:
  - Y min violation: -0.135587 < -0.085600
  - Y max violation: -0.088453 > -0.125600
  - Z max violation: 0.020174 > 0.020000
  Penalty: 1
  Min bounds: [-0.032499998807907104, -0.13558664917945862, 0.01650088280439377]
  Max bounds: [0.032499998807907104, -0.0884525403380394, 0.020173631608486176]
  STL saved: C:\Users\motokinakajima\programs\Hayabusa-Spark\hayabusa-engine-lite\bb_test_results\wing_actual_y_min_violation.stl

Testing: actual_y_max_violation

[DEBUG] Layer point counts before surface creation:
Layer 0 (e387.dat): 100 points
Layer 1 (naca0012.dat): 100 points
Layer 2 (naca0012.dat): 100 points
Layer 3 (naca0012.dat): 100 points
Layer 4 (e387.dat): 100 points
Closed mesh STL file exported successfully as 'C:\Users\motokinakajima\programs\Hayabusa-Spark\hayabusa-engine-lite\bb_test_results\wing_actual_y_max_violation.stl'
BOUNDING BOX VIOLATIONS:
  - Y min violation: -0.106247 < -0.085600
  - Y max violation: -0.055600 > -0.125600
  - Z max violation: 0.020174 > 0.020000
  Penalty: 1
  Min bounds: [-0.032499998807907104, -0.10624747723340988, 0.01650088280439377]
  Max bounds: [0.032499998807907104, -0.05559999868273735, 0.020173631608486176]
  STL saved: C:\Users\motokinakajima\programs\Hayabusa-Spark\hayabusa-engine-lite\bb_test_results\wing_actual_y_max_violation.stl

Testing: actual_z_min_violation

[DEBUG] Layer point counts before surface creation:
Layer 0 (e387.dat): 100 points
Layer 1 (naca0012.dat): 100 points
Layer 2 (naca0012.dat): 100 points
Layer 3 (naca0012.dat): 100 points
Layer 4 (e387.dat): 100 points
Closed mesh STL file exported successfully as 'C:\Users\motokinakajima\programs\Hayabusa-Spark\hayabusa-engine-lite\bb_test_results\wing_actual_z_min_violation.stl'
BOUNDING BOX VIOLATIONS:
  - Y min violation: -0.107487 < -0.085600
  - Y max violation: -0.087500 > -0.125600
  - Z min violation: -0.006456 < 0.005000
  Penalty: 1
  Min bounds: [-0.032499998807907104, -0.10748665034770966, -0.0064558107405900955]
  Max bounds: [0.032499998807907104, -0.08749999850988388, 0.01871945522725582]
  STL saved: C:\Users\motokinakajima\programs\Hayabusa-Spark\hayabusa-engine-lite\bb_test_results\wing_actual_z_min_violation.stl

Testing: actual_z_max_violation

[DEBUG] Layer point counts before surface creation:
Layer 0 (e387.dat): 100 points
Layer 1 (naca0012.dat): 100 points
Layer 2 (naca0012.dat): 100 points
Layer 3 (naca0012.dat): 100 points
Layer 4 (e387.dat): 100 points
Closed mesh STL file exported successfully as 'C:\Users\motokinakajima\programs\Hayabusa-Spark\hayabusa-engine-lite\bb_test_results\wing_actual_z_max_violation.stl'
BOUNDING BOX VIOLATIONS:
  - Y min violation: -0.107487 < -0.085600
  - Y max violation: -0.087500 > -0.125600
  - Z max violation: 0.032174 > 0.020000
  Penalty: 1
  Min bounds: [-0.032499998807907104, -0.10748665034770966, 0.01690766215324402]
  Max bounds: [0.032499998807907104, -0.08749999850988388, 0.032173629850149155]
  STL saved: C:\Users\motokinakajima\programs\Hayabusa-Spark\hayabusa-engine-lite\bb_test_results\wing_actual_z_max_violation.stl
Bounding box STL exported to C:\Users\motokinakajima\programs\Hayabusa-Spark\hayabusa-engine-lite\bb_test_results\bounding_box.stl

Test report exported to C:\Users\motokinakajima\programs\Hayabusa-Spark\hayabusa-engine-lite\bb_test_results\test_report.txt

--- Test Summary ---
Total tests: 12
Successful: 12
Failed: 0
Inside box: 0
Outside box: 12

Test completed!
